
> lingoflow-beta@0.0.0 build
> vite build

[36mvite v7.3.1 [32mbuilding client environment for production...[36m[39m
transforming...
[32mтЬУ[39m 30 modules transformed.
node.exe : [31mтЬЧ[39
m Build failed in 793ms
строка:1 знак:1
+ & "C:\Program Files\n
odejs/node.exe" "C:\Pro
gram Files\nodejs/node_
mo ...
+ ~~~~~~~~~~~~~~~~~~~~~
~~~~~~~~~~~~~~~~~~~~~~~
~~~~~~~~~~~~~~~~~~~~~~~
~~
    + CategoryInfo     
         : NotSpecifi  
  ed: ([31mтЬЧ[39m   
  Build failed in 7    
93ms:String) [], R    e
moteException
    + FullyQualifiedEr 
   rorId : NativeComm  
  andError
 
[31merror during build
:
[31m[vite]: Rollup fai
led to resolve import "
react-router-dom" from 
"C:/Users/Abdurahmon/li
ngoflow-beta/src/pages/
Dojo.jsx".
This is most likely uni
ntended because it can 
break your application 
at runtime.
If you do want to exter
nalize this module expl
icitly add it to
`build.rollupOptions.ex
ternal`[31m
    at viteLog (file://
/C:/Users/Abdurahmon/li
ngoflow-beta/node_modul
es/vite/dist/node/chunk
s/config.js:33635:57)
    at file:///C:/Users
/Abdurahmon/lingoflow-b
eta/node_modules/vite/d
ist/node/chunks/config.
js:33669:73
    at onwarn (file:///
C:/Users/Abdurahmon/lin
goflow-beta/node_module
s/@vitejs/plugin-react/
dist/index.js:76:7)
    at file:///C:/Users
/Abdurahmon/lingoflow-b
eta/node_modules/vite/d
ist/node/chunks/config.
js:33669:28
    at onRollupLog (fil
e:///C:/Users/Abdurahmo
n/lingoflow-beta/node_m
odules/vite/dist/node/c
hunks/config.js:33664:6
3)
    at onLog (file:///C
:/Users/Abdurahmon/ling
oflow-beta/node_modules
/vite/dist/node/chunks/
config.js:33467:4)
    at file:///C:/Users
/Abdurahmon/lingoflow-b
eta/node_modules/rollup
/dist/es/shared/node-en
try.js:20981:32
    at Object.logger [a
s onLog] (file:///C:/Us
ers/Abdurahmon/lingoflo
w-beta/node_modules/rol
lup/dist/es/shared/node
-entry.js:22968:9)
    at ModuleLoader.han
dleInvalidResolvedId (f
ile:///C:/Users/Abdurah
mon/lingoflow-beta/node
_modules/rollup/dist/es
/shared/node-entry.js:2
1712:26)
    at file:///C:/Users
/Abdurahmon/lingoflow-b
eta/node_modules/rollup
/dist/es/shared/node-en
try.js:21670:26[39m
